[debug] [2026-05-21T22:23:49.942Z] ----------------------------------------------------------------------
[debug] [2026-05-21T22:23:49.946Z] Command:       C:\nvm4w\nodejs\node.exe C:\Users\rochi\AppData\Roaming\npm\node_modules\firebase-tools\lib\bin\firebase.js deploy --only functions
[debug] [2026-05-21T22:23:49.947Z] CLI Version:   15.17.0
[debug] [2026-05-21T22:23:49.947Z] Platform:      win32
[debug] [2026-05-21T22:23:49.947Z] Node Version:  v20.16.0
[debug] [2026-05-21T22:23:49.947Z] Time:          Thu May 21 2026 17:23:49 GMT-0500 (hora estándar de Colombia)
[debug] [2026-05-21T22:23:49.947Z] ----------------------------------------------------------------------
[debug] 
[debug] [2026-05-21T22:23:52.463Z] > command requires scopes: ["email","openid","https://www.googleapis.com/auth/cloudplatformprojects.readonly","https://www.googleapis.com/auth/firebase","https://www.googleapis.com/auth/cloud-platform"]
[debug] [2026-05-21T22:23:52.463Z] > authorizing via signed-in user (lassofabian36@gmail.com)
[debug] [2026-05-21T22:23:52.463Z] [iam] checking project fut-rank-ai for permissions ["cloudfunctions.functions.create","cloudfunctions.functions.delete","cloudfunctions.functions.get","cloudfunctions.functions.list","cloudfunctions.functions.update","cloudfunctions.operations.get","firebase.projects.get"]
[debug] [2026-05-21T22:23:52.465Z] Checked if tokens are valid: true, expires at: 1779404934192
[debug] [2026-05-21T22:23:52.465Z] Checked if tokens are valid: true, expires at: 1779404934192
[debug] [2026-05-21T22:23:52.466Z] >>> [apiv2][query] POST https://cloudresourcemanager.googleapis.com/v1/projects/fut-rank-ai:testIamPermissions [none]
[debug] [2026-05-21T22:23:52.467Z] >>> [apiv2][(partial)header] POST https://cloudresourcemanager.googleapis.com/v1/projects/fut-rank-ai:testIamPermissions  x-goog-user-project=fut-rank-ai
[debug] [2026-05-21T22:23:52.467Z] >>> [apiv2][body] POST https://cloudresourcemanager.googleapis.com/v1/projects/fut-rank-ai:testIamPermissions {"permissions":["cloudfunctions.functions.create","cloudfunctions.functions.delete","cloudfunctions.functions.get","cloudfunctions.functions.list","cloudfunctions.functions.update","cloudfunctions.operations.get","firebase.projects.get"]}
[debug] [2026-05-21T22:23:53.980Z] <<< [apiv2][status] POST https://cloudresourcemanager.googleapis.com/v1/projects/fut-rank-ai:testIamPermissions 200
[debug] [2026-05-21T22:23:53.980Z] <<< [apiv2][body] POST https://cloudresourcemanager.googleapis.com/v1/projects/fut-rank-ai:testIamPermissions {"permissions":["cloudfunctions.functions.create","cloudfunctions.functions.delete","cloudfunctions.functions.get","cloudfunctions.functions.list","cloudfunctions.functions.update","cloudfunctions.operations.get","firebase.projects.get"]}
[debug] [2026-05-21T22:23:53.981Z] Checked if tokens are valid: true, expires at: 1779404934192
[debug] [2026-05-21T22:23:53.981Z] Checked if tokens are valid: true, expires at: 1779404934192
[debug] [2026-05-21T22:23:53.981Z] >>> [apiv2][query] POST https://iam.googleapis.com/v1/projects/fut-rank-ai/serviceAccounts/fut-rank-ai@appspot.gserviceaccount.com:testIamPermissions [none]
[debug] [2026-05-21T22:23:53.981Z] >>> [apiv2][body] POST https://iam.googleapis.com/v1/projects/fut-rank-ai/serviceAccounts/fut-rank-ai@appspot.gserviceaccount.com:testIamPermissions {"permissions":["iam.serviceAccounts.actAs"]}
[debug] [2026-05-21T22:23:54.577Z] <<< [apiv2][status] POST https://iam.googleapis.com/v1/projects/fut-rank-ai/serviceAccounts/fut-rank-ai@appspot.gserviceaccount.com:testIamPermissions 200
[debug] [2026-05-21T22:23:54.577Z] <<< [apiv2][body] POST https://iam.googleapis.com/v1/projects/fut-rank-ai/serviceAccounts/fut-rank-ai@appspot.gserviceaccount.com:testIamPermissions {"permissions":["iam.serviceAccounts.actAs"]}
[info] 
[info] === Deploying to 'fut-rank-ai'...
[info] 
[info] i  deploying functions 
[info] Running command: npm --prefix "$RESOURCE_DIR" run lint
[info] Running command: npm --prefix "$RESOURCE_DIR" run build
[info] +  functions: Finished running predeploy script. 
[debug] [2026-05-21T22:24:04.061Z] Checked if tokens are valid: true, expires at: 1779404934192
[debug] [2026-05-21T22:24:04.061Z] Checked if tokens are valid: true, expires at: 1779404934192
[debug] [2026-05-21T22:24:04.062Z] >>> [apiv2][query] GET https://cloudresourcemanager.googleapis.com/v1/projects/fut-rank-ai [none]
[debug] [2026-05-21T22:24:04.299Z] <<< [apiv2][status] GET https://cloudresourcemanager.googleapis.com/v1/projects/fut-rank-ai 200
[debug] [2026-05-21T22:24:04.299Z] <<< [apiv2][body] GET https://cloudresourcemanager.googleapis.com/v1/projects/fut-rank-ai {"projectNumber":"433100104648","projectId":"fut-rank-ai","lifecycleState":"ACTIVE","name":"fut-rank-ai","labels":{"firebase":"enabled","firebase-core":"disabled"},"createTime":"2026-05-07T16:54:43.226Z"}
[info] i  functions: preparing codebase default for deployment 
[info] i  functions: ensuring required API cloudfunctions.googleapis.com is enabled... 
[info] i  functions: ensuring required API cloudbuild.googleapis.com is enabled... 
[info] i  artifactregistry: ensuring required API artifactregistry.googleapis.com is enabled... 
[debug] [2026-05-21T22:24:04.304Z] Checked if tokens are valid: true, expires at: 1779404934192
[debug] [2026-05-21T22:24:04.304Z] Checked if tokens are valid: true, expires at: 1779404934192
[debug] [2026-05-21T22:24:04.304Z] >>> [apiv2][query] GET https://firebase.googleapis.com/v1beta1/projects/fut-rank-ai/adminSdkConfig [none]
[debug] [2026-05-21T22:24:04.752Z] <<< [apiv2][status] GET https://firebase.googleapis.com/v1beta1/projects/fut-rank-ai/adminSdkConfig 200
[debug] [2026-05-21T22:24:04.753Z] <<< [apiv2][body] GET https://firebase.googleapis.com/v1beta1/projects/fut-rank-ai/adminSdkConfig {"projectId":"fut-rank-ai","storageBucket":"fut-rank-ai.firebasestorage.app"}
